Premature end of JPEG file
🚀 Initialisiere YOLO Detektor (yolov8n.pt)...
✓ Erfolgreich mit PostgreSQL verbunden (localhost:5432)
✓ Datenbanktabellen erstellt/überprüft

================================================================================
🚀 LIVE-PERSONENERKENNUNG GESTARTET
================================================================================
  Modell: Ultralytics YOLO vv8
  Ordner X: input_x
  Ordner Y: input_y
  Poll-Intervall: 0.5s
================================================================================

👀 Warte auf neue Bilder...

[   1] 17:33:27.525 | input_y    |  0 Personen | Konfidenz: 0.000 | Zeit: 0.077s ✓
[   2] 17:33:33.433 | input_x    |  0 Personen | Konfidenz: 0.000 | Zeit: 0.033s ✓
[   3] 17:33:38.188 | input_y    |  0 Personen | Konfidenz: 0.000 | Zeit: 0.033s ✓
[   4] 17:33:44.043 | input_x    |  0 Personen | Konfidenz: 0.000 | Zeit: 0.031s ✓
[   5] 17:33:48.800 | input_y    |  0 Personen | Konfidenz: 0.000 | Zeit: 0.036s ✓
[   6] 17:33:54.059 | input_x    |  0 Personen | Konfidenz: 0.000 | Zeit: 0.037s ✓
[   7] 17:33:59.323 | input_y    |  0 Personen | Konfidenz: 0.000 | Zeit: 0.041s ✓
[   8] 17:34:04.581 | input_x    |  0 Personen | Konfidenz: 0.000 | Zeit: 0.031s ✓
[   9] 17:34:10.440 | input_y    |  0 Personen | Konfidenz: 0.000 | Zeit: 0.031s ✓
[  10] 17:34:15.791 | input_x    |  0 Personen | Konfidenz: 0.000 | Zeit: 0.031s ✓
[  11] 17:34:21.149 | input_y    |  0 Personen | Konfidenz: 0.000 | Zeit: 0.037s ✓
[  12] 17:34:26.409 | input_x    |  0 Personen | Konfidenz: 0.000 | Zeit: 0.030s ✓
[  13] 17:34:31.661 | input_y    |  0 Personen | Konfidenz: 0.000 | Zeit: 0.036s ✓
[  14] 17:34:36.918 | input_x    |  0 Personen | Konfidenz: 0.000 | Zeit: 0.031s ✓
[  15] 17:34:42.675 | input_y    |  0 Personen | Konfidenz: 0.000 | Zeit: 0.038s ✓
[  16] 17:34:48.036 | input_x    |  0 Personen | Konfidenz: 0.000 | Zeit: 0.032s ✓
[  17] 17:34:53.292 | input_y    |  0 Personen | Konfidenz: 0.000 | Zeit: 0.035s ✓
[  18] 17:34:58.551 | input_x    |  0 Personen | Konfidenz: 0.000 | Zeit: 0.032s ✓
[  19] 17:35:03.808 | input_y    |  0 Personen | Konfidenz: 0.000 | Zeit: 0.040s ✓
[  20] 17:35:09.672 | input_x    |  0 Personen | Konfidenz: 0.000 | Zeit: 0.032s ✓
[  21] 17:35:14.921 | input_y    |  0 Personen | Konfidenz: 0.000 | Zeit: 0.032s ✓
[  22] 17:35:20.179 | input_x    |  0 Personen | Konfidenz: 0.000 | Zeit: 0.031s ✓
[  23] 17:35:25.434 | input_y    |  0 Personen | Konfidenz: 0.000 | Zeit: 0.032s ✓
[  24] 17:35:31.292 | input_x    |  0 Personen | Konfidenz: 0.000 | Zeit: 0.036s ✓
[  25] 17:35:36.552 | input_y    |  0 Personen | Konfidenz: 0.000 | Zeit: 0.033s ✓
[  26] 17:35:41.807 | input_x    |  0 Personen | Konfidenz: 0.000 | Zeit: 0.032s ✓
[  27] 17:35:47.663 | input_y    |  0 Personen | Konfidenz: 0.000 | Zeit: 0.032s ✓
[  28] 17:35:52.919 | input_x    |  0 Personen | Konfidenz: 0.000 | Zeit: 0.032s ✓
[  29] 17:35:58.174 | input_y    |  0 Personen | Konfidenz: 0.000 | Zeit: 0.031s ✓
[  30] 17:36:04.029 | input_x    |  0 Personen | Konfidenz: 0.000 | Zeit: 0.031s ✓
[  31] 17:36:09.385 | input_y    |  0 Personen | Konfidenz: 0.000 | Zeit: 0.036s ✓
[  32] 17:36:14.147 | input_x    |  0 Personen | Konfidenz: 0.000 | Zeit: 0.031s ✓
[  33] 17:36:19.400 | input_y    |  0 Personen | Konfidenz: 0.000 | Zeit: 0.038s ✓
[  34] 17:36:25.163 | input_x    |  0 Personen | Konfidenz: 0.000 | Zeit: 0.031s ✓
[  35] 17:36:30.420 | input_y    |  0 Personen | Konfidenz: 0.000 | Zeit: 0.035s ✓
[  36] 17:36:35.679 | input_x    |  0 Personen | Konfidenz: 0.000 | Zeit: 0.032s ✓
[  37] 17:36:41.530 | input_y    |  0 Personen | Konfidenz: 0.000 | Zeit: 0.042s ✓
[  38] 17:36:46.295 | input_x    |  0 Personen | Konfidenz: 0.000 | Zeit: 0.035s ✓
[  39] 17:36:51.548 | input_y    |  0 Personen | Konfidenz: 0.000 | Zeit: 0.031s ✓
[  40] 17:36:57.407 | input_x    |  0 Personen | Konfidenz: 0.000 | Zeit: 0.031s ✓
[  41] 17:37:02.760 | input_y    |  0 Personen | Konfidenz: 0.000 | Zeit: 0.032s ✓
[  42] 17:37:07.508 | input_x    |  0 Personen | Konfidenz: 0.000 | Zeit: 0.036s ✓
[  43] 17:37:13.372 | input_y    |  0 Personen | Konfidenz: 0.000 | Zeit: 0.039s ✓
[  44] 17:37:18.135 | input_x    |  0 Personen | Konfidenz: 0.000 | Zeit: 0.037s ✓
[  45] 17:37:23.396 | input_y    |  0 Personen | Konfidenz: 0.000 | Zeit: 0.037s ✓
[  46] 17:37:28.659 | input_x    |  0 Personen | Konfidenz: 0.000 | Zeit: 0.037s ✓
[  47] 17:37:34.524 | input_y    |  0 Personen | Konfidenz: 0.000 | Zeit: 0.037s ✓
[  48] 17:37:39.788 | input_x    |  0 Personen | Konfidenz: 0.000 | Zeit: 0.035s ✓
[  49] 17:37:45.045 | input_y    |  0 Personen | Konfidenz: 0.000 | Zeit: 0.042s ✓
[  50] 17:37:50.313 | input_x    |  0 Personen | Konfidenz: 0.000 | Zeit: 0.038s ✓
[  51] 17:37:56.176 | input_y    |  0 Personen | Konfidenz: 0.000 | Zeit: 0.031s ✓
[  52] 17:38:01.531 | input_x    |  0 Personen | Konfidenz: 0.000 | Zeit: 0.030s ✓
[  53] 17:38:06.886 | input_y    |  0 Personen | Konfidenz: 0.000 | Zeit: 0.031s ✓
[  54] 17:38:12.240 | input_x    |  0 Personen | Konfidenz: 0.000 | Zeit: 0.031s ✓
[  55] 17:38:16.998 | input_y    |  0 Personen | Konfidenz: 0.000 | Zeit: 0.033s ✓
[  56] 17:38:22.856 | input_x    |  0 Personen | Konfidenz: 0.000 | Zeit: 0.030s ✓
[  57] 17:38:28.212 | input_y    |  0 Personen | Konfidenz: 0.000 | Zeit: 0.034s ✓
[  58] 17:38:32.971 | input_x    |  0 Personen | Konfidenz: 0.000 | Zeit: 0.035s ✓
[  59] 17:38:38.831 | input_y    |  0 Personen | Konfidenz: 0.000 | Zeit: 0.037s ✓
[  60] 17:38:44.091 | input_x    |  0 Personen | Konfidenz: 0.000 | Zeit: 0.035s ✓
[  61] 17:38:49.850 | input_y    |  0 Personen | Konfidenz: 0.000 | Zeit: 0.038s ✓
[  62] 17:38:55.211 | input_x    |  0 Personen | Konfidenz: 0.000 | Zeit: 0.031s ✓
[  63] 17:39:01.071 | input_y    |  0 Personen | Konfidenz: 0.000 | Zeit: 0.031s ✓
[  64] 17:39:06.326 | input_x    |  0 Personen | Konfidenz: 0.000 | Zeit: 0.031s ✓
[  65] 17:39:11.580 | input_y    |  0 Personen | Konfidenz: 0.000 | Zeit: 0.039s ✓
[  66] 17:39:17.344 | input_x    |  0 Personen | Konfidenz: 0.000 | Zeit: 0.039s ✓
[  67] 17:39:22.607 | input_y    |  0 Personen | Konfidenz: 0.000 | Zeit: 0.039s ✓
[  68] 17:39:27.874 | input_x    |  0 Personen | Konfidenz: 0.000 | Zeit: 0.037s ✓
[  69] 17:39:33.139 | input_y    |  0 Personen | Konfidenz: 0.000 | Zeit: 0.037s ✓
[  70] 17:39:38.401 | input_x    |  0 Personen | Konfidenz: 0.000 | Zeit: 0.037s ✓
[  71] 17:39:43.661 | input_y    |  0 Personen | Konfidenz: 0.000 | Zeit: 0.036s ✓
[  72] 17:39:48.920 | input_x    |  0 Personen | Konfidenz: 0.000 | Zeit: 0.037s ✓
[  73] 17:39:54.184 | input_y    |  0 Personen | Konfidenz: 0.000 | Zeit: 0.039s ✓
[  74] 17:39:59.447 | input_x    |  0 Personen | Konfidenz: 0.000 | Zeit: 0.036s ✓
[  75] 17:40:04.809 | input_y    |  0 Personen | Konfidenz: 0.000 | Zeit: 0.036s ✓
[  76] 17:40:09.571 | input_x    |  0 Personen | Konfidenz: 0.000 | Zeit: 0.036s ✓
[  77] 17:40:14.830 | input_y    |  0 Personen | Konfidenz: 0.000 | Zeit: 0.036s ✓
[  78] 17:40:20.093 | input_x    |  0 Personen | Konfidenz: 0.000 | Zeit: 0.035s ✓
[  79] 17:40:25.352 | input_y    |  0 Personen | Konfidenz: 0.000 | Zeit: 0.035s ✓
[  80] 17:40:30.610 | input_x    |  7 Personen | Konfidenz: 0.750 | Zeit: 0.032s ✓
[  81] 17:40:36.468 | input_y    |  6 Personen | Konfidenz: 0.745 | Zeit: 0.038s ✓
[  82] 17:40:41.231 | input_x    |  2 Personen | Konfidenz: 0.570 | Zeit: 0.036s ✓
[  83] 17:40:47.093 | input_y    |  6 Personen | Konfidenz: 0.726 | Zeit: 0.037s ✓
[  84] 17:40:52.355 | input_x    |  9 Personen | Konfidenz: 0.703 | Zeit: 0.032s ✓
[  85] 17:40:58.213 | input_y    |  6 Personen | Konfidenz: 0.736 | Zeit: 0.043s ✓
[  86] 17:41:03.479 | input_x    |  9 Personen | Konfidenz: 0.682 | Zeit: 0.039s ✓
[  87] 17:41:08.744 | input_y    |  6 Personen | Konfidenz: 0.735 | Zeit: 0.033s ✓
[  88] 17:41:14.499 | input_x    |  7 Personen | Konfidenz: 0.737 | Zeit: 0.042s ✓
[  89] 17:41:19.763 | input_y    |  6 Personen | Konfidenz: 0.719 | Zeit: 0.032s ✓
[  90] 17:41:25.614 | input_x    |  8 Personen | Konfidenz: 0.705 | Zeit: 0.032s ✓